// Jest Snapshot v1, https://goo.gl/fbAQLP

exports[`LoadingScreen Component renders correctly and matches snapshot 1`] = `
<View
  style={
    {
      "alignItems": "center",
      "backgroundColor": "#1F2937",
      "flex": 1,
      "justifyContent": "center",
    }
  }
>
  <ActivityIndicator
    color="#A78BFA"
    size="large"
  />
</View>
`;
