// Jest Snapshot v1, https://goo.gl/fbAQLP

exports[`TarotCardWithLabel Component should match snapshot 1`] = `
<View
  style={
    [
      {
        "alignItems": "center",
      },
      {
        "alignItems": "center",
        "backgroundColor": "transparent",
        "flexDirection": "column",
        "height": "auto",
        "justifyContent": "flex-start",
        "marginHorizontal": 2,
        "maxWidth": "30%",
        "width": "29%",
      },
    ]
  }
>
  <View
    style={
      {
        "alignItems": "center",
        "justifyContent": "center",
        "marginVertical": 4,
        "width": "100%",
      }
    }
  >
    <View
      accessibilityState={
        {
          "busy": undefined,
          "checked": undefined,
          "disabled": undefined,
          "expanded": undefined,
          "selected": undefined,
        }
      }
      accessibilityValue={
        {
          "max": undefined,
          "min": undefined,
          "now": undefined,
          "text": undefined,
        }
      }
      accessible={true}
      collapsable={false}
      focusable={true}
      onClick={[Function]}
      onResponderGrant={[Function]}
      onResponderMove={[Function]}
      onResponderRelease={[Function]}
      onResponderTerminate={[Function]}
      onResponderTerminationRequest={[Function]}
      onStartShouldSetResponder={[Function]}
      style={
        {
          "opacity": 1,
        }
      }
    >
      <View
        cardName="The Magician"
        isShown={true}
        style={
          {
            "borderRadius": 8,
            "height": 300,
            "width": 187.5,
          }
        }
        testID="dynamic-tarot-card-mock"
      />
    </View>
  </View>
  <View
    style={
      {
        "justifyContent": "center",
        "marginTop": 8,
        "minHeight": 36,
        "width": "100%",
      }
    }
  >
    <Text
      ellipsizeMode="tail"
      numberOfLines={2}
      style={
        {
          "color": "#A78BFA",
          "fontSize": 14,
          "fontWeight": "bold",
          "lineHeight": 18,
          "textAlign": "center",
        }
      }
    >
      The Magician
    </Text>
  </View>
</View>
`;
